// Jest Snapshot v1, https://goo.gl/fbAQLP

exports[`CharacteristicsTable should not render on empty rows 1`] = `<div />`;

exports[`CharacteristicsTable should render correctly 1`] = `
<div>
  <div
    class=" detail-spec-table"
  >
    <table
      class="detail-spec-table__table"
    >
      <tbody>
        <tr>
          <td>
            test
          </td>
          <td>
            value
          </td>
        </tr>
        <tr>
          <td>
            test2
          </td>
          <td>
            value2
          </td>
        </tr>
      </tbody>
    </table>
  </div>
</div>
`;
