// Jest Snapshot v1, https://goo.gl/fbAQLP

exports[`WithRouter should render routes 1`] = `
<div>
  rendered
</div>
`;
