// Jest Snapshot v1, https://goo.gl/fbAQLP

exports[`People should not render if no data 1`] = `<div />`;

exports[`People should render correctly 1`] = `
<div>
  <div
    class="catalog"
  >
    <h2
      class="catalog__title"
    >
      People
    </h2>
    <div
      class="catalog__items catalog-items-wrap"
    >
      <div
        class="catalog-item"
      >
        <a
          class="catalog-item__link"
          href="/people/1"
        >
          <div
            class="catalog-item__img-wrap"
          >
            <img
              alt="Luke Skywalker"
              class="catalog-item__img"
              loading="lazy"
              src="/assets/content/people/1.png"
            />
          </div>
          <div
            class="catalog-item__info catalog-item-info"
          >
            <div
              class="catalog-item-info__name"
            >
              Luke Skywalker
            </div>
          </div>
        </a>
      </div>
    </div>
  </div>
</div>
`;
