// Jest Snapshot v1, https://goo.gl/fbAQLP

exports[`Timeline should not render if no data 1`] = `<div />`;

exports[`Timeline should render correctly 1`] = `
<div>
  <div
    class="timeline"
  >
    <h2
      class="timeline__title"
    >
      Star Wars timeline
    </h2>
    <div
      class="timeline__chart-scroll"
    >
      <table
        class="timeline__chart timeline__chart--header"
      >
        <thead>
          <tr
            class="timeline__chart-row"
          >
            <th
              class="timeline__chart-col timeline__chart-col--header"
            >
              #
            </th>
            <th
              class="timeline__chart-col timeline__chart-col--header"
            >
              31 BBY
            </th>
            <th
              class="timeline__chart-col timeline__chart-col--header"
            >
              30 BBY
            </th>
            <th
              class="timeline__chart-col timeline__chart-col--header"
            >
              29 BBY
            </th>
            <th
              class="timeline__chart-col timeline__chart-col--header"
            >
              28 BBY
            </th>
            <th
              class="timeline__chart-col timeline__chart-col--header"
            >
              27 BBY
            </th>
            <th
              class="timeline__chart-col timeline__chart-col--header"
            >
              26 BBY
            </th>
            <th
              class="timeline__chart-col timeline__chart-col--header"
            >
              25 BBY
            </th>
            <th
              class="timeline__chart-col timeline__chart-col--header"
            >
              24 BBY
            </th>
            <th
              class="timeline__chart-col timeline__chart-col--header"
            >
              23 BBY
            </th>
            <th
              class="timeline__chart-col timeline__chart-col--header"
            >
              22 BBY
            </th>
            <th
              class="timeline__chart-col timeline__chart-col--header"
            >
              21 BBY
            </th>
            <th
              class="timeline__chart-col timeline__chart-col--header"
            >
              20 BBY
            </th>
            <th
              class="timeline__chart-col timeline__chart-col--header"
            >
              19 BBY
            </th>
            <th
              class="timeline__chart-col timeline__chart-col--header"
            >
              18 BBY
            </th>
            <th
              class="timeline__chart-col timeline__chart-col--header"
            >
              17 BBY
            </th>
            <th
              class="timeline__chart-col timeline__chart-col--header"
            >
              16 BBY
            </th>
            <th
              class="timeline__chart-col timeline__chart-col--header"
            >
              15 BBY
            </th>
            <th
              class="timeline__chart-col timeline__chart-col--header"
            >
              14 BBY
            </th>
            <th
              class="timeline__chart-col timeline__chart-col--header"
            >
              13 BBY
            </th>
            <th
              class="timeline__chart-col timeline__chart-col--header"
            >
              12 BBY
            </th>
            <th
              class="timeline__chart-col timeline__chart-col--header"
            >
              11 BBY
            </th>
            <th
              class="timeline__chart-col timeline__chart-col--header"
            >
              10 BBY
            </th>
            <th
              class="timeline__chart-col timeline__chart-col--header"
            >
              9 BBY
            </th>
            <th
              class="timeline__chart-col timeline__chart-col--header"
            >
              8 BBY
            </th>
            <th
              class="timeline__chart-col timeline__chart-col--header"
            >
              7 BBY
            </th>
            <th
              class="timeline__chart-col timeline__chart-col--header"
            >
              6 BBY
            </th>
            <th
              class="timeline__chart-col timeline__chart-col--header"
            >
              5 BBY
            </th>
            <th
              class="timeline__chart-col timeline__chart-col--header"
            >
              4 BBY
            </th>
            <th
              class="timeline__chart-col timeline__chart-col--header"
            >
              3 BBY
            </th>
            <th
              class="timeline__chart-col timeline__chart-col--header"
            >
              2 BBY
            </th>
            <th
              class="timeline__chart-col timeline__chart-col--header"
            >
              1 BBY
            </th>
            <th
              class="timeline__chart-col timeline__chart-col--header"
            >
              0 BBY
            </th>
          </tr>
        </thead>
      </table>
      <table
        class="timeline__chart timeline__chart--body"
      >
        <tbody>
          <tr
            class="timeline__chart-row"
          >
            <td
              class="timeline__chart-col"
            >
              The Phantom Menace
            </td>
            <td
              class="timeline__chart-col"
              colspan="1"
            >
              <div
                class="timeline__chart-line"
              />
            </td>
            <td
              class="timeline__chart-col"
            />
            <td
              class="timeline__chart-col"
            />
            <td
              class="timeline__chart-col"
            />
            <td
              class="timeline__chart-col"
            />
            <td
              class="timeline__chart-col"
            />
            <td
              class="timeline__chart-col"
            />
            <td
              class="timeline__chart-col"
            />
            <td
              class="timeline__chart-col"
            />
            <td
              class="timeline__chart-col"
            />
            <td
              class="timeline__chart-col"
            />
            <td
              class="timeline__chart-col"
            />
            <td
              class="timeline__chart-col"
            />
            <td
              class="timeline__chart-col"
            />
            <td
              class="timeline__chart-col"
            />
            <td
              class="timeline__chart-col"
            />
            <td
              class="timeline__chart-col"
            />
            <td
              class="timeline__chart-col"
            />
            <td
              class="timeline__chart-col"
            />
            <td
              class="timeline__chart-col"
            />
            <td
              class="timeline__chart-col"
            />
            <td
              class="timeline__chart-col"
            />
            <td
              class="timeline__chart-col"
            />
            <td
              class="timeline__chart-col"
            />
            <td
              class="timeline__chart-col"
            />
            <td
              class="timeline__chart-col"
            />
            <td
              class="timeline__chart-col"
            />
            <td
              class="timeline__chart-col"
            />
            <td
              class="timeline__chart-col"
            />
            <td
              class="timeline__chart-col"
            />
            <td
              class="timeline__chart-col"
            />
            <td
              class="timeline__chart-col"
            />
          </tr>
          <tr
            class="timeline__chart-row"
          >
            <td
              class="timeline__chart-col"
            >
              Attack of the Clones
            </td>
            <td
              class="timeline__chart-col"
            />
            <td
              class="timeline__chart-col"
            />
            <td
              class="timeline__chart-col"
            />
            <td
              class="timeline__chart-col"
            />
            <td
              class="timeline__chart-col"
            />
            <td
              class="timeline__chart-col"
            />
            <td
              class="timeline__chart-col"
            />
            <td
              class="timeline__chart-col"
            />
            <td
              class="timeline__chart-col"
            />
            <td
              class="timeline__chart-col"
              colspan="1"
            >
              <div
                class="timeline__chart-line"
              />
            </td>
            <td
              class="timeline__chart-col"
            />
            <td
              class="timeline__chart-col"
            />
            <td
              class="timeline__chart-col"
            />
            <td
              class="timeline__chart-col"
            />
            <td
              class="timeline__chart-col"
            />
            <td
              class="timeline__chart-col"
            />
            <td
              class="timeline__chart-col"
            />
            <td
              class="timeline__chart-col"
            />
            <td
              class="timeline__chart-col"
            />
            <td
              class="timeline__chart-col"
            />
            <td
              class="timeline__chart-col"
            />
            <td
              class="timeline__chart-col"
            />
            <td
              class="timeline__chart-col"
            />
            <td
              class="timeline__chart-col"
            />
            <td
              class="timeline__chart-col"
            />
            <td
              class="timeline__chart-col"
            />
            <td
              class="timeline__chart-col"
            />
            <td
              class="timeline__chart-col"
            />
            <td
              class="timeline__chart-col"
            />
            <td
              class="timeline__chart-col"
            />
            <td
              class="timeline__chart-col"
            />
            <td
              class="timeline__chart-col"
            />
          </tr>
        </tbody>
      </table>
    </div>
  </div>
</div>
`;
